
 Start  Stop   Length Name               Class

 00000H 000D7H 000D8H INSPECT            CODE
 000E0H 00376H 00297H ALLTASKS           CODE
 00380H 01692H 01313H ONETASK            CODE
 016A0H 02050H 009B1H EIS_CAN            CODE
 02060H 0252BH 004CCH RAMCANC            CODE
 02530H 028D2H 003A3H EXCCALC            CODE
 028E0H 02CBAH 003DBH BTS_TOOL           CODE
 02CC0H 02FC6H 00307H HELPME             CODE
 02FD0H 02FEFH 00020H GLOBAL             CODE
 02FF0H 02FF0H 00000H INSPGLOB           CODE
 02FF0H 02FF0H 00000H BTS_DATA           CODE
 02FF0H 0309DH 000AEH SCHEDULE           CODE
 030A0H 03171H 000D2H SUPERVIS           CODE
 03180H 03180H 00000H BTS_GLOB           CODE
 03180H 044A2H 01323H SYSTEM             CODE
 044B0H 06B47H 02698H DATA               DATA
 06B50H 0EB4FH 08000H STACK              STACK
 0EB50H 0EB50H 00000H HEAP               HEAP

  Address         Publics by Value

 0000:002F       WRITESCREENHEADER
 0000:007C       @
 000E:0000       DISCONNECTIFNOTINUSE
 000E:0082       SETERRORONALLCIRCUITS
 000E:010D       TRYTORESETERRORS
 000E:0154       READTASKCOMMANDS
 000E:0180       HANDLETASKCOMMANDS
 000E:0228       SENDSTATIFORLONGMEASUREMENT
 000E:0256       INITIALIZE
 0038:12CB       @
 016A:0070       INITCAN
 016A:0375       SENDFLOATPARAMETER
 016A:03BA       SENDLONGINTPARAMETER
 016A:042B       SENDBYTEPARAMETER
 016A:0457       SETMULTIPLEXERCHANNEL
 016A:0491       READMULTIPLEXERCHANNEL
 016A:0623       MEASURESPECTRUM
 016A:063C       STOPMEASUREMENT
 016A:06A2       MEASURETEMPERATURE
 016A:06B8       MEASUREVOLTAGE
 016A:070D       READBYTEPARAMETER
 016A:0736       READINTEGERPARAMETER
 016A:0768       READFLOATPARAMETER
 016A:07EC       READBYTERESULT
 016A:0815       READREALRESULT
 016A:086A       CHECKERRORS
 016A:0932       DISCONNECTBATTERY
 016A:0981       OPENCANCONNECTION
 0206:0033       WAITFORCANTASKSTART
 0206:0263       CANINIT
 0206:029B       CANENABLEID
 0206:031C       CANSETDEFAULT
 0206:0379       CANWRITE
 0206:040E       CANREADCHANNEL
 0206:04BF       @
 02CC:0000       GETHEXCHAR
 02CC:0054       WORDTOHEXASCI
 02CC:0082       DWORDTOHEXASCI
 02CC:00AC       ROUNDTOWORD
 02CC:0104       ROUNDTOLONGINT
 02CC:0170       SINGLEFLOATTOBPREALTO
 02CC:022C       BPREALTOSINGLEFLOAT
 02FD:0018       @
 02FF:0000       PAUSE
 02FF:000B       STARTTIMER
 02FF:0048       TIMEPASSED
 02FF:0084       AWAIT
 030A:0000       I60_NEXTTASK
 030A:0003       I61_F05_COPYTASKTOTASK
 030A:002E       I61_F0C_GETTASKNUMBER
 030A:0045       I61_F0D_GETTASKSTATI
 030A:0082       I61_F20_CLEARSCREEN
 030A:0087       I61_F23_GOTOXY
 030A:009C       I61_F2A_GETSYSTEMTIMER2
 044B:0062       OVRCODELIST
 044B:0064       OVRHEAPSIZE
 044B:0066       OVRDEBUGPTR
 044B:006A       OVRHEAPORG
 044B:006C       OVRHEAPPTR
 044B:006E       OVRHEAPEND
 044B:0070       OVRLOADLIST
 044B:0072       OVRDOSHANDLE
 044B:0074       OVREMSHANDLE
 044B:0076       HEAPORG
 044B:007A       HEAPPTR
 044B:007E       HEAPEND
 044B:0082       FREELIST
 044B:0086       FREEZERO
 044B:008A       HEAPERROR
 044B:008E       EXITPROC
 044B:0092       EXITCODE
 044B:0094       ERRORADDR
 044B:0098       PREFIXSEG
 044B:009A       STACKLIMIT
 044B:009C       INOUTRES
 044B:009E       RANDSEED
 044B:00A2       FILEMODE
 044B:00A3       TEST8087
 044B:242E       DEVICEERROR
 044B:2432       TASKERROR
 044B:2433       DEBUGINFO
 044B:2437       LONGMEASUREMENTCALLBACK
 044B:244A       GBL_TASKNR
 044B:244C       INPUT
 044B:254C       OUTPUT
 044B:264C       SAVEINT00
 044B:2650       SAVEINT02
 044B:2654       SAVEINT1B
 044B:2658       SAVEINT21
 044B:265C       SAVEINT23
 044B:2660       SAVEINT24
 044B:2664       SAVEINT34
 044B:2668       SAVEINT35
 044B:266C       SAVEINT36
 044B:2670       SAVEINT37
 044B:2674       SAVEINT38
 044B:2678       SAVEINT39
 044B:267C       SAVEINT3A
 044B:2680       SAVEINT3B
 044B:2684       SAVEINT3C
 044B:2688       SAVEINT3D
 044B:268C       SAVEINT3E
 044B:2690       SAVEINT3F
 044B:2694       SAVEINT75

Program entry point at 0000:007C
